---
source: src/transform_css.rs
expression: result
---
.c {
  color: green;
  -webkit-backdrop-filter: blur(2px);
  backdrop-filter: blur(2px);
  background-image: url("//abc.ttt.com/abc?adfsd%3F=1231");
}
