---
source: src/transform_css.rs
expression: e.to_string()
---
Unexpected end of input at :0:12
