---
source: src/transform_css.rs
expression: result
---
body {
  color: red;
}

body .a {
  color: #00f;
}
