---
source: src/transform_css.rs
expression: result
---
h1{font-size:20px}p{margin:10px}
